[INFO] Scanning for projects...
[INFO] 
[INFO] --------------------< com.guftagu:guftagu-backend >---------------------
[INFO] Building guftagu-backend 0.0.1-SNAPSHOT
[INFO]   from pom.xml
[INFO] --------------------------------[ jar ]---------------------------------
[INFO] 
[INFO] --- resources:3.3.1:resources (default-resources) @ guftagu-backend ---
[INFO] Copying 2 resources from src\main\resources to target\classes
[INFO] Copying 0 resource from src\main\resources to target\classes
[INFO] 
[INFO] --- compiler:3.13.0:compile (default-compile) @ guftagu-backend ---
[INFO] Recompiling the module because of changed source code.
[INFO] Compiling 42 source files with javac [debug parameters release 17] to target\classes
[INFO] -------------------------------------------------------------
[ERROR] COMPILATION ERROR : 
[INFO] -------------------------------------------------------------
[ERROR] /D:/guftagu-backend/guftagu-backend/src/main/java/com/guftagu/service/ChatService.java:[47,33] cannot find symbol
  symbol:   method findByRoomIdOrderByTimestampAsc(java.lang.String)
  location: variable messageRepository of type com.guftagu.repository.MessageRepository
[ERROR] /D:/guftagu-backend/guftagu-backend/src/main/java/com/guftagu/service/ChatService.java:[56,44] cannot find symbol
  symbol:   method getRoomId()
  location: variable message of type com.guftagu.model.Message
[ERROR] /D:/guftagu-backend/guftagu-backend/src/main/java/com/guftagu/service/ChatService.java:[57,40] cannot find symbol
  symbol:   method getMessage()
  location: variable message of type com.guftagu.model.Message
[ERROR] /D:/guftagu-backend/guftagu-backend/src/main/java/com/guftagu/websocket/MessageSocketController.java:[40,74] cannot find symbol
  symbol:   method getRoomId()
  location: variable message of type com.guftagu.model.Message
[ERROR] /D:/guftagu-backend/guftagu-backend/src/main/java/com/guftagu/websocket/MessageSocketController.java:[52,55] cannot find symbol
  symbol:   method getRoomId()
  location: variable message of type com.guftagu.model.Message
[INFO] 5 errors 
[INFO] -------------------------------------------------------------
[INFO] ------------------------------------------------------------------------
[INFO] BUILD FAILURE
[INFO] ------------------------------------------------------------------------
[INFO] Total time:  5.517 s
[INFO] Finished at: 2026-03-08T00:15:21+05:30
[INFO] ------------------------------------------------------------------------
[ERROR] Failed to execute goal org.apache.maven.plugins:maven-compiler-plugin:3.13.0:compile (default-compile) on project guftagu-backend: Compilation failure: Compilation failure: 
[ERROR] /D:/guftagu-backend/guftagu-backend/src/main/java/com/guftagu/service/ChatService.java:[47,33] cannot find symbol
[ERROR]   symbol:   method findByRoomIdOrderByTimestampAsc(java.lang.String)
[ERROR]   location: variable messageRepository of type com.guftagu.repository.MessageRepository
[ERROR] /D:/guftagu-backend/guftagu-backend/src/main/java/com/guftagu/service/ChatService.java:[56,44] cannot find symbol
[ERROR]   symbol:   method getRoomId()
[ERROR]   location: variable message of type com.guftagu.model.Message
[ERROR] /D:/guftagu-backend/guftagu-backend/src/main/java/com/guftagu/service/ChatService.java:[57,40] cannot find symbol
[ERROR]   symbol:   method getMessage()
[ERROR]   location: variable message of type com.guftagu.model.Message
[ERROR] /D:/guftagu-backend/guftagu-backend/src/main/java/com/guftagu/websocket/MessageSocketController.java:[40,74] cannot find symbol
[ERROR]   symbol:   method getRoomId()
[ERROR]   location: variable message of type com.guftagu.model.Message
[ERROR] /D:/guftagu-backend/guftagu-backend/src/main/java/com/guftagu/websocket/MessageSocketController.java:[52,55] cannot find symbol
[ERROR]   symbol:   method getRoomId()
[ERROR]   location: variable message of type com.guftagu.model.Message
[ERROR] -> [Help 1]
[ERROR] 
[ERROR] To see the full stack trace of the errors, re-run Maven with the -e switch.
[ERROR] Re-run Maven using the -X switch to enable full debug logging.
[ERROR] 
[ERROR] For more information about the errors and possible solutions, please read the following articles:
[ERROR] [Help 1] http://cwiki.apache.org/confluence/display/MAVEN/MojoFailureException
